// Jest Snapshot v1, https://goo.gl/fbAQLP

exports[`500 renders properly 1`] = `
"<v-card-stub loaderheight=\\"4\\" tag=\\"div\\" id=\\"message\\">
  <h2>500</h2>
  <h1>error.500.heading</h1>
  <p>
    error.500.description
  </p> <video autoplay=\\"autoplay\\" width=\\"640\\" data-alt=\\"Baboon pounding on laptop keyboard\\" src=\\"https://media.gettyimages.com/videos/medium-shot-baboon-pounding-on-laptop-keyboard-video-id712-54\\" muted=\\"muted\\" loop=\\"loop\\"></video>
  <v-row-stub tag=\\"div\\" nogutters=\\"true\\">
    <v-col-stub tag=\\"div\\">
      <v-btn-stub color=\\"primary\\" tag=\\"button\\" activeclass=\\"\\" href=\\"javascript:location.reload();\\" large=\\"true\\" block=\\"true\\" type=\\"button\\">Try again</v-btn-stub>
    </v-col-stub>
  </v-row-stub>
  <v-row-stub tag=\\"div\\">
    <v-col-stub tag=\\"div\\">
      <v-btn-stub color=\\"primary\\" tag=\\"button\\" activeclass=\\"\\" exact=\\"true\\" to=\\"index\\" large=\\"true\\" block=\\"true\\" type=\\"button\\">layout.navigation.home</v-btn-stub>
    </v-col-stub>
  </v-row-stub>
</v-card-stub>"
`;
