// Jest Snapshot v1, https://goo.gl/fbAQLP

exports[`index renders properly 1`] = `
"<div label=\\"Job Title\\" value=\\"Full Stack Web Developer\\">
  <section>
    <v-parallax-stub height=\\"600\\" alt=\\"\\" src=\\"https://res.cloudinary.com/pocketpasta/image/upload/c_fit,f_auto,q_auto,w_2200,dpr_auto/v1559982334/hero_rko6us.jpg\\" srcset=\\"https://res.cloudinary.com/pocketpasta/image/upload/c_fit,f_auto,q_auto,w_2200,dpr_auto/v1559982334/hero_rko6us.jpg 1x, https://res.cloudinary.com/pocketpasta/image/upload/c_fit,f_auto,q_auto,w_2200,dpr_2.0/v1559982334/hero_rko6us.jpg 2x\\">
      <v-row-stub tag=\\"div\\" align=\\"center\\" justify=\\"center\\" class=\\"white--text\\">
        <v-col-stub tag=\\"div\\">
          <b-img-lazy-stub src=\\"https://res.cloudinary.com/pocketpasta/image/upload/c_fit,f_auto,q_auto,w_200,dpr_auto/v1560038491/logo_vlqvdr.png\\" srcset=\\"https://res.cloudinary.com/pocketpasta/image/upload/c_fit,f_auto,q_auto,w_200,dpr_auto/v1560038491/logo_vlqvdr.png 1x, https://res.cloudinary.com/pocketpasta/image/upload/c_fit,f_auto,q_auto,w_200,dpr_2.0/v1560038491/logo_vlqvdr.png 2x\\" sizes=\\"100vw\\" alt=\\"Pasta on a sheet of paper\\" width=\\"200\\" blankcolor=\\"transparent\\" center=\\"true\\" offset=\\"360\\" throttle=\\"100\\"></b-img-lazy-stub>
          <h1 class=\\"brand white--text mb-2 text-center\\">
            PocketPasta
          </h1>
          <div class=\\"subheading mb-3 text-center\\">
            landing.banner.subheading
          </div>
        </v-col-stub>
        <credit-stub style=\\"position: absolute; right: 0px; bottom: 0px;\\"></credit-stub>
      </v-row-stub>
    </v-parallax-stub>
  </section>
  <section>
    <v-container-stub tag=\\"div\\">
      <v-row-stub tag=\\"div\\" justify=\\"center\\" class=\\"my-5\\">
        <v-col-stub cols=\\"12\\" alignself=\\"center\\" tag=\\"div\\">
          <v-card-stub loaderheight=\\"4\\" tag=\\"div\\" class=\\"elevation-0 transparent\\">
            <v-card-title-stub primarytitle=\\"\\" primary-title=\\"\\" class=\\"layout justify-center\\">
              <div class=\\"headline\\">landing.contact.heading</div>
            </v-card-title-stub>
            <v-list-stub tag=\\"div\\" tile=\\"true\\" class=\\"transparent\\">
              <v-list-item-stub activeclass=\\"\\" tag=\\"div\\">
                <v-list-item-action-stub>
                  <v-icon-stub class=\\"text-primary\\">$place</v-icon-stub>
                </v-list-item-action-stub>
                <v-list-item-content-stub>
                  <v-list-item-title-stub>landing.contact.location</v-list-item-title-stub>
                </v-list-item-content-stub>
              </v-list-item-stub>
              <v-list-item-stub activeclass=\\"\\" tag=\\"div\\">
                <v-list-item-action-stub>
                  <v-icon-stub class=\\"text-primary\\">$email</v-icon-stub>
                </v-list-item-action-stub>
                <v-list-item-content-stub>
                  <v-list-item-title-stub><a href=\\"mailto:landing.contact.email\\">landing.contact.email</a></v-list-item-title-stub>
                </v-list-item-content-stub>
              </v-list-item-stub>
            </v-list-stub>
          </v-card-stub>
        </v-col-stub>
      </v-row-stub>
    </v-container-stub>
  </section>
</div>"
`;
