// Jest Snapshot v1, https://goo.gl/fbAQLP

exports[`recipes renders properly 1`] = `
"<div class=\\"container\\">
  <list-stub collection=\\"recipes\\" heading=\\"recipes.heading\\" layout=\\"columns\\" fetchonserver=\\"true\\" defaultlimit=\\"-1\\" infinite=\\"true\\" headers=\\"[object Object],[object Object],[object Object]\\"></list-stub>
</div>"
`;
