// Jest Snapshot v1, https://goo.gl/fbAQLP

exports[`List Card renders properly 1`] = `
"<b-card-stub bodytag=\\"div\\" titletag=\\"h4\\" subtitletag=\\"h6\\" subtitletextvariant=\\"muted\\" headertag=\\"div\\" footertag=\\"div\\" tag=\\"div\\" no-body=\\"\\" class=\\"overflow-hidden rounded-0\\">
  <div class=\\"row no-gutters\\">
    <div style=\\"min-width: 128px;\\">
      <b-card-img-lazy-stub src=\\"https://res.cloudinary.com/pocketpasta/image/fetch/fl_progressive/w_128,h_128,c_fill,f_auto,q_auto/https://img.buzzfeed.com/thumbnailer-prod-us-east-1/video-api/assets/162208.jpg\\" alt=\\"\\" width=\\"128\\" height=\\"128\\" blankcolor=\\"transparent\\" offset=\\"360\\" xfluid=\\"\\" center=\\"\\" blank=\\"\\" rounded=\\"0\\" itemprop=\\"image\\" class=\\"mx-auto d-block\\"></b-card-img-lazy-stub>
    </div> <br>
    <div class=\\"col overflow-hidden\\" style=\\"min-width: 220px;\\">
      <b-card-body-stub bodytag=\\"div\\" titletag=\\"h4\\" subtitletag=\\"h6\\" subtitletextvariant=\\"muted\\">
        <header>
          <b-card-title-stub titletag=\\"h4\\">Audrey Hepburn’s Spaghetti Al Pomodoro Recipe</b-card-title-stub>
        </header>
        <b-card-text-stub texttag=\\"p\\">Make Audrey Hepburn's spaghetti al pomodoro recipe. Hepburn liked her pasta smothered in tomato sauce.</b-card-text-stub>
      </b-card-body-stub>
    </div>
  </div>
</b-card-stub>"
`;
