// Jest Snapshot v1, https://goo.gl/fbAQLP

exports[`List renders properly 1`] = `
"<v-container>
  <v-row>
    <v-col class=\\"col-auto mr-auto\\">
      <h1></h1>
    </v-col>
    <v-col class=\\"col-auto ml-auto my-auto\\">
      <view-switcher-stub layouts=\\"[object Object],[object Object]\\"></view-switcher-stub>
    </v-col>
  </v-row>
  <v-row>
    <v-col></v-col>
  </v-row> <span><v-row style=\\"display: none;\\"><v-col><v-pagination length=\\"1\\" total-visible=\\"9\\"></v-pagination> <button style=\\"display: none;\\">Refresh</button> <div style=\\"display: none;\\">Total: </div> <div style=\\"display: none;\\">Pending: </div> <div style=\\"display: none;\\">Error: </div></v-col></v-row></span>
</v-container>"
`;
