// Jest Snapshot v1, https://goo.gl/fbAQLP

exports[`ViewSwitcher renders properly 1`] = `
"<v-menu-stub opendelay=\\"0\\" closedelay=\\"0\\" contentclass=\\"\\" left=\\"true\\" maxwidth=\\"auto\\" nudgebottom=\\"0\\" nudgeleft=\\"0\\" nudgeright=\\"0\\" nudgetop=\\"0\\" nudgewidth=\\"0\\" openonclick=\\"true\\" closeonclick=\\"true\\" closeoncontentclick=\\"true\\" maxheight=\\"auto\\" offsety=\\"true\\" origin=\\"top left\\" transition=\\"v-menu-transition\\">
  <v-card-stub loaderheight=\\"4\\" tag=\\"div\\">
    <v-list-stub tag=\\"div\\" dense=\\"true\\">
      <v-list-item-stub activeclass=\\"\\" tag=\\"div\\">
        <v-list-item-content-stub>
          <v-list-item-title-stub>Grid</v-list-item-title-stub>
        </v-list-item-content-stub>
        <v-list-item-action-stub>
          <v-icon-stub>$view_comfy</v-icon-stub>
        </v-list-item-action-stub>
      </v-list-item-stub>
    </v-list-stub>
  </v-card-stub>
</v-menu-stub>"
`;
