// Jest Snapshot v1, https://goo.gl/fbAQLP

exports[`404 renders properly 1`] = `
"<div id=\\"message\\" class=\\"card bg-light card-body\\"><h2>404</h2> <h1>Page Not Found</h1> <p>
    The specified file was not found on this website. Please check the URL for
    mistakes and try again.
  </p> <nuxt-link to=\\"/\\" class=\\"btn btn-primary\\">Home page</nuxt-link></div>"
`;
