// Jest Snapshot v1, https://goo.gl/fbAQLP

exports[`about renders properly 1`] = `
"<div class=\\"container\\">
  <div class=\\"about\\">
    <div class=\\"row\\">
      <div class=\\"col-12\\">
        <h1>about.heading</h1>
        <p class=\\"lead\\">
          PocketPasta is a collection of my demo apps that I build to practice
          my skills.
        </p>
      </div>
    </div>
    <two-by-one-stub></two-by-one-stub>
    <two-by-one-stub></two-by-one-stub>
    <two-by-one-stub></two-by-one-stub>
    <v-lazy options=\\"[object Object]\\" min-height=\\"315\\" transition=\\"fade-transition\\">
      <div class=\\"row\\">
        <div class=\\"col\\">
          <h2>The Pitch</h2>
          <vue-plyr class=\\"d-print-none\\">
            <div data-plyr-provider=\\"youtube\\" data-plyr-embed-id=\\"W0StMCfs5Ew\\"></div>
          </vue-plyr>
        </div>
      </div>
    </v-lazy>
  </div>
</div>"
`;
