// Jest Snapshot v1, https://goo.gl/fbAQLP

exports[`Footer renders properly 1`] = `
"<v-footer inset=\\"\\" app=\\"\\" absolute=\\"\\" class=\\"pa-3\\"><v-spacer></v-spacer> <small class=\\"text-muted\\">This site is protected by reCAPTCHA and the Google
    <a href=\\"https://policies.google.com/privacy\\">Privacy Policy</a> and
    <a href=\\"https://policies.google.com/terms\\">Terms of Service</a> apply.
  </small></v-footer>"
`;
