// Jest Snapshot v1, https://goo.gl/fbAQLP

exports[`index renders properly 1`] = `"<div class=\\"home\\" label=\\"Job Title\\" value=\\"Full Stack Web Developer\\"><div class=\\"row\\"><div class=\\"col-lg-12 text-center\\"><h1 class=\\"mt-5\\">PocketPasta</h1> <img alt=\\"Pocket Pasta logo\\" src=\\"~/assets/logo.png\\" class=\\"img-fluid\\"></div></div></div>"`;
