// Jest Snapshot v1, https://goo.gl/fbAQLP

exports[`recipes renders properly 1`] = `"<div class=\\"container\\"><div class=\\"recipes\\"><h1>recipes.heading</h1> <div class=\\"row justify-content-end\\"><viewswitcher-stub value=\\"columns\\"></viewswitcher-stub></div> <div class=\\"row\\"><div class=\\"col-12\\"><div class=\\"card-layout card-columns\\"><recipecard-stub id=\\"1\\" name=\\"Recipe: 1\\" layout=\\"columns\\"></recipecard-stub><recipecard-stub id=\\"2\\" name=\\"Recipe: 2\\" layout=\\"columns\\"></recipecard-stub><recipecard-stub id=\\"3\\" name=\\"Recipe: 3\\" layout=\\"columns\\"></recipecard-stub><recipecard-stub id=\\"4\\" name=\\"Recipe: 4\\" layout=\\"columns\\"></recipecard-stub></div></div></div></div></div>"`;
