// Jest Snapshot v1, https://goo.gl/fbAQLP

exports[`Setting renders properly 1`] = `"<li class=\\"list-group-item\\"><div class=\\"row\\"><div class=\\"col-sm-6\\"><v-card flat=\\"\\" color=\\"transparent\\"><v-card-title primary-title=\\"\\"><v-icon left=\\"\\"></v-icon> <span class=\\"title font-weight-light\\"></span></v-card-title> <v-card-text class=\\"subheading form-text text-muted pt-0\\"></v-card-text></v-card></div> <div class=\\"col-sm-6 align-self-center\\"><input type=\\"text\\" placeholder=\\"placeholder\\" class=\\"form-control\\"></div></div></li>"`;
