// Jest Snapshot v1, https://goo.gl/fbAQLP

exports[`settings renders properly 1`] = `"<div class=\\"container\\"><h1>settings.heading</h1> <div class=\\"card\\"><div class=\\"card-header text-uppercase\\">Style</div> <ul class=\\"list-group list-group-flush\\"><setting-stub icon=\\"style\\" label=\\"Theme\\" description=\\"Choose a bootstrap CSS theme to style the app your way.\\"><theme-selector-stub></theme-selector-stub></setting-stub> <setting-stub icon=\\"language\\" label=\\"Language\\" description=\\"What language do you speak?\\"><langswitcher-stub></langswitcher-stub></setting-stub></ul></div></div>"`;
