// Jest Snapshot v1, https://goo.gl/fbAQLP

exports[`ThemeSelector renders properly 1`] = `
"<b-form-select id=\\"theme\\" name=\\"theme\\" aria-label=\\"theme\\"><template></template> <option value=\\"darky\\">
    darky
  </option><option value=\\"united\\">
    united
  </option></b-form-select>"
`;
