// Jest Snapshot v1, https://goo.gl/fbAQLP

exports[`settings renders properly 1`] = `
"<v-container-stub tag=\\"div\\">
  <v-row-stub tag=\\"div\\">
    <v-col-stub tag=\\"div\\">
      <h1>settings.heading</h1>
    </v-col-stub>
  </v-row-stub>
  <v-row-stub tag=\\"div\\">
    <v-col-stub tag=\\"div\\">
      <v-card-stub loaderheight=\\"4\\" tag=\\"div\\">
        <v-card-title-stub>
          <h2>
            settings.style.heading
          </h2>
        </v-card-title-stub>
        <setting-stub>
          <theme-selector-stub aria-labelledby=\\"theme-label\\"></theme-selector-stub>
        </setting-stub>
      </v-card-stub>
    </v-col-stub>
  </v-row-stub>
  <v-row-stub tag=\\"div\\">
    <v-col-stub tag=\\"div\\">
      <v-card-stub loaderheight=\\"4\\" tag=\\"div\\">
        <v-card-title-stub>
          <h2>
            settings.content.heading
          </h2>
        </v-card-title-stub>
        <setting-stub>
          <lang-switcher-stub></lang-switcher-stub>
        </setting-stub>
      </v-card-stub>
    </v-col-stub>
  </v-row-stub>
  <v-row-stub tag=\\"div\\">
    <v-col-stub tag=\\"div\\">
      <v-card-stub loaderheight=\\"4\\" tag=\\"div\\">
        <v-card-title-stub>
          <h2>Database</h2>
        </v-card-title-stub>
        <v-card-subtitle-stub>Apache CouchDB Settings</v-card-subtitle-stub>
        <v-container-stub tag=\\"div\\" class=\\"pt-0\\">
          <v-row-stub tag=\\"div\\">
            <v-col-stub cols=\\"12\\" tag=\\"div\\" class=\\"align-self-center\\">
              <v-text-field-stub errorcount=\\"1\\" errormessages=\\"\\" messages=\\"\\" rules=\\"\\" successmessages=\\"\\" backgroundcolor=\\"\\" label=\\"Remote URL\\" loaderheight=\\"2\\" clearicon=\\"$clear\\" type=\\"text\\"></v-text-field-stub>
            </v-col-stub>
            <v-col-stub cols=\\"12\\" sm=\\"6\\" tag=\\"div\\" class=\\"align-self-center\\">
              <v-text-field-stub errorcount=\\"1\\" errormessages=\\"\\" messages=\\"\\" rules=\\"\\" successmessages=\\"\\" backgroundcolor=\\"\\" label=\\"Username\\" loaderheight=\\"2\\" clearicon=\\"$clear\\" type=\\"text\\"></v-text-field-stub>
            </v-col-stub>
            <v-col-stub cols=\\"12\\" sm=\\"6\\" tag=\\"div\\" class=\\"align-self-center\\">
              <v-text-field-stub errorcount=\\"1\\" errormessages=\\"\\" messages=\\"\\" rules=\\"\\" successmessages=\\"\\" backgroundcolor=\\"\\" label=\\"Password\\" loaderheight=\\"2\\" clearicon=\\"$clear\\" type=\\"password\\" autocomplete=\\"one-time-code\\"></v-text-field-stub>
            </v-col-stub>
          </v-row-stub>
        </v-container-stub>
      </v-card-stub>
    </v-col-stub>
  </v-row-stub>
</v-container-stub>"
`;
