// Jest Snapshot v1, https://goo.gl/fbAQLP

exports[`settings renders properly 1`] = `
"<v-container-stub tag=\\"div\\">
  <v-row-stub tag=\\"div\\">
    <v-col-stub tag=\\"div\\">
      <h1>settings.heading</h1>
    </v-col-stub>
  </v-row-stub>
  <v-row-stub tag=\\"div\\">
    <v-col-stub tag=\\"div\\">
      <v-card-stub loaderheight=\\"4\\" tag=\\"div\\">
        <v-card-title-stub>
          <h2>
            settings.style.heading
          </h2>
        </v-card-title-stub>
        <setting-stub>
          <theme-selector-stub aria-labelledby=\\"theme-label\\"></theme-selector-stub>
        </setting-stub>
      </v-card-stub>
    </v-col-stub>
  </v-row-stub>
  <v-row-stub tag=\\"div\\">
    <v-col-stub tag=\\"div\\">
      <v-card-stub loaderheight=\\"4\\" tag=\\"div\\">
        <v-card-title-stub>
          <h2>
            settings.content.heading
          </h2>
        </v-card-title-stub>
        <setting-stub>
          <lang-switcher-stub></lang-switcher-stub>
        </setting-stub>
      </v-card-stub>
    </v-col-stub>
  </v-row-stub>
</v-container-stub>"
`;
