// Jest Snapshot v1, https://goo.gl/fbAQLP

exports[`Product renders properly 1`] = `
"<div itemscope=\\"itemscope\\" itemtype=\\"http://schema.org/Product\\" class=\\"product\\">
  <div class=\\"row\\">
    <div class=\\"col-12 col-md-6\\">
      <h1 itemprop=\\"name\\"></h1>
      <p itemprop=\\"description\\"></p>
    </div>
    <div class=\\"col-12 col-md-6\\">
      <!---->
    </div>
  </div>
  <!---->
  <!---->
  <!---->
  <!---->
  <!---->
</div>"
`;
