// Jest Snapshot v1, https://goo.gl/fbAQLP

exports[`Product renders properly 1`] = `
"<div itemscope=\\"itemscope\\" itemtype=\\"http://schema.org/Product\\" class=\\"product\\">
  <div class=\\"row\\">
    <div class=\\"col-12 col-md-6\\">
      <h1 itemprop=\\"name\\">Peeled Tomatoes</h1>
      <p itemprop=\\"description\\">Annalisa Italian Peeled Tomatoes In Tomato Juice, 100% Italian Tomatoes.</p>
    </div>
    <div class=\\"col-12 col-md-6\\">
      <b-img-lazy-stub src=\\"https://cdn0.woolworths.media/content/wowproductimages/large/037810.jpg\\" alt=\\"Peeled Tomatoes\\" width=\\"540\\" height=\\"540\\" blanksrc=\\"\\" blankcolor=\\"transparent\\" fluid=\\"true\\" offset=\\"360\\" throttle=\\"100\\" itemprop=\\"image\\" class=\\"img-fluid mx-auto d-block\\"></b-img-lazy-stub>
    </div>
  </div>
  <!---->
  <!---->
  <div itemprop=\\"offers\\" itemscope=\\"itemscope\\" itemtype=\\"http://schema.org/AggregateOffer\\">
    <h2>Sellers</h2>
    <div itemprop=\\"offers\\" itemscope=\\"itemscope\\" itemtype=\\"http://schema.org/Offer\\" class=\\"list-group-flush\\"><span class=\\"list-group-item\\"><a href=\\"https://shop.coles.com.au/a/a-national/product/annalisa-tomatoes-peeled\\" target=\\"_blank\\" itemprop=\\"url\\" rel=\\"noopener\\"><span itemprop=\\"offeredBy\\">Coles</span></a> <span itemprop=\\"price\\">A$1.40</span></span></div>
    <div itemprop=\\"offers\\" itemscope=\\"itemscope\\" itemtype=\\"http://schema.org/Offer\\" class=\\"list-group-flush\\"><span class=\\"list-group-item\\"><a href=\\"https://www.woolworths.com.au/shop/productdetails/37810/annalisa-tomatoes-peeled\\" target=\\"_blank\\" itemprop=\\"url\\" rel=\\"noopener\\"><span itemprop=\\"offeredBy\\">Woolworths</span></a> <span itemprop=\\"price\\">A$1.40</span></span></div>
  </div>
  <nutrition-fact-table-stub calories=\\"108 kJ\\" carbohydratecontent=\\"4.1 g\\" fatcontent=\\"0.5 g\\" proteincontent=\\"1.5 g\\" saturatedfatcontent=\\"0 g\\" servingsize=\\"133 g\\" sodiumcontent=\\"19 mg\\" sugarcontent=\\"3.9 g\\" name=\\"nutrition\\" class=\\"my-4\\"></nutrition-fact-table-stub>
  <!---->
</div>"
`;
