// Jest Snapshot v1, https://goo.gl/fbAQLP

exports[`Recipe renders properly 1`] = `
"<div class=\\"recipe\\">
  <h1 itemprop=\\"name\\"></h1>
  <p itemprop=\\"description\\">
    <read-more-stub morestr=\\"Read more\\" lessstr=\\"Read less\\" link=\\"#\\" stop=\\"120\\" clamp=\\"...\\"></read-more-stub>
  </p>
  <!---->
  <section>
    <v-row-stub tag=\\"div\\">
      <v-col-stub tag=\\"div\\">
        <v-chip-stub activeclass=\\"\\" tag=\\"span\\" active=\\"true\\" closeicon=\\"$delete\\" filtericon=\\"$complete\\" label=\\"true\\" style=\\"background: none;\\">
          <v-rating-stub color=\\"#007bff\\" opendelay=\\"0\\" closedelay=\\"0\\" ripple=\\"true\\" backgroundcolor=\\"accent\\" dense=\\"true\\" emptyicon=\\"$ratingEmpty\\" fullicon=\\"$ratingFull\\" halficon=\\"$ratingHalf\\" length=\\"5\\" readonly=\\"true\\" value=\\"4.93\\"></v-rating-stub>
        </v-chip-stub>
        <v-chip-stub activeclass=\\"\\" tag=\\"span\\" active=\\"true\\" closeicon=\\"$delete\\" filtericon=\\"$complete\\" label=\\"true\\" style=\\"background: none;\\">
          <number-text-stub></number-text-stub>
        </v-chip-stub>
        <!---->
        <v-chip-stub activeclass=\\"\\" tag=\\"span\\" active=\\"true\\" closeicon=\\"$delete\\" filtericon=\\"$complete\\" label=\\"true\\" style=\\"background: none; overflow: visible; padding: 0px;\\">
          <share-stub class=\\"d-inline-block\\"></share-stub>
        </v-chip-stub>
      </v-col-stub>
    </v-row-stub>
  </section>
  <v-expansion-panels-stub value=\\"0,1,2\\" activeclass=\\"v-item--active\\" multiple=\\"true\\" accordion=\\"true\\">
    <v-expansion-panel-stub>
      <v-expansion-panel-header-stub expandicon=\\"$expand\\">
        <h2>Ingredients</h2>
      </v-expansion-panel-header-stub>
      <v-expansion-panel-content-stub eager=\\"true\\">
        <ol class=\\"list-group-flush pl-0 mb-0\\"></ol>
      </v-expansion-panel-content-stub>
    </v-expansion-panel-stub>
    <v-expansion-panel-stub class=\\"my-4\\">
      <v-expansion-panel-header-stub expandicon=\\"$expand\\">
        <h2>Instructions</h2>
      </v-expansion-panel-header-stub>
      <v-expansion-panel-content-stub eager=\\"true\\">
        <p></p>
      </v-expansion-panel-content-stub>
    </v-expansion-panel-stub>
    <!---->
    <!---->
    <!---->
  </v-expansion-panels-stub>
</div>"
`;
