// Jest Snapshot v1, https://goo.gl/fbAQLP

exports[`Recipe renders properly 1`] = `
"<div class=\\"recipe\\">
  <h1></h1>
  <p></p>
  <!---->
  <section>
    <b-row-stub tag=\\"div\\">
      <b-col-stub tag=\\"div\\">
        <v-chip label=\\"\\" readonly=\\"\\" style=\\"background: none; padding: 0px;\\">
          <b-form-rating-stub id=\\"rating\\" value=\\"4.93\\" stars=\\"5\\" variant=\\"primary\\" readonly=\\"true\\" name=\\"rating\\" noborder=\\"true\\" inline=\\"true\\" iconempty=\\"star\\" iconhalf=\\"star-half\\" iconfull=\\"star-fill\\" iconclear=\\"x\\" aria-label=\\"rating\\" style=\\"background: none;\\"></b-form-rating-stub>
        </v-chip>
        <v-chip label=\\"\\" style=\\"background: none;\\">
          <number-text-stub></number-text-stub>
        </v-chip>
        <!---->
        <v-chip label=\\"\\" style=\\"background: none; overflow: visible; padding: 0px;\\">
          <share-stub class=\\"d-inline-block\\"></share-stub>
        </v-chip>
      </b-col-stub>
    </b-row-stub>
  </section>
  <b-row-stub tag=\\"div\\">
    <b-col-stub md=\\"6\\" tag=\\"div\\">
      <!---->
    </b-col-stub>
    <b-col-stub md=\\"6\\" tag=\\"div\\">
      <!---->
    </b-col-stub>
  </b-row-stub>
  <!---->
  <section class=\\"mb-2\\">
    <h2 class=\\"h4\\">Tags</h2>
    <div class=\\"list-group-flush\\">
      <keywords-stub tags=\\"\\" class=\\"list-group-item\\"></keywords-stub>
    </div>
  </section>
  <!---->
</div>"
`;
