// Jest Snapshot v1, https://goo.gl/fbAQLP

exports[`Recipe renders properly 1`] = `
"<div class=\\"recipe\\">
  <h1></h1>
  <p></p>
  <!---->
  <share-stub class=\\"py-4\\"></share-stub>
  <p>
    <number-text-stub></number-text-stub>
  </p>
  <b-row-stub tag=\\"div\\">
    <b-col-stub md=\\"6\\" tag=\\"div\\">
      <!---->
    </b-col-stub>
    <b-col-stub md=\\"6\\" tag=\\"div\\">
      <!---->
    </b-col-stub>
  </b-row-stub>
  <!---->
  <section class=\\"mb-2\\">
    <h2 class=\\"h4\\">Tags</h2>
    <div class=\\"list-group-flush\\">
      <keywords-stub tags=\\"\\" class=\\"list-group-item\\"></keywords-stub>
    </div>
  </section>
  <!---->
</div>"
`;
