// Jest Snapshot v1, https://goo.gl/fbAQLP

exports[`Footer renders properly 1`] = `"<div class=\\"a2a_kit a2a_kit_size_32 a2a_default_style d-print-none\\"><a href=\\"https://www.addtoany.com/share\\" class=\\"a2a_dd\\"></a> <a class=\\"a2a_button_facebook\\"></a> <a class=\\"a2a_button_twitter\\"></a> <a class=\\"a2a_button_email\\"></a> <a class=\\"a2a_button_reddit\\"></a> <a class=\\"a2a_button_pinterest\\"></a> <a class=\\"a2a_button_linkedin\\"></a> <a class=\\"a2a_button_copy_link\\"></a> <a class=\\"a2a_button_print\\"></a></div>"`;
