// Jest Snapshot v1, https://goo.gl/fbAQLP

exports[`create page renders properly 1`] = `"<div class=\\"container-fluid\\"><h1>Create</h1> <form class=\\"create-form\\"><div class=\\"form-group\\"><label class=\\"form-label\\">ID</label><input type=\\"text\\" class=\\"form-control\\"></div> <div class=\\"form-group\\"><label for=\\"data\\" class=\\"form-label\\">Data</label> <b-form-textarea-stub id=\\"data\\" required=\\"true\\" state=\\"true\\" value=\\"{}\\" debounce=\\"0\\" rows=\\"2\\" wrap=\\"soft\\" class=\\"overflow-hidden\\"></b-form-textarea-stub></div> <b-button-stub target=\\"_self\\" event=\\"click\\" routertag=\\"a\\" variant=\\"primary\\" type=\\"submit\\" tag=\\"button\\">Submit</b-button-stub></form></div>"`;
