// Jest Snapshot v1, https://goo.gl/fbAQLP

exports[`List renders properly 1`] = `
"<div>
  <div class=\\"row\\">
    <div class=\\"col-auto mr-auto\\">
      <h1></h1>
    </div>
    <div class=\\"col-auto ml-auto my-auto\\">
      <view-switcher-stub layouts=\\"[object Object],[object Object]\\"></view-switcher-stub>
    </div>
  </div>
  <div class=\\"row\\">
    <div class=\\"col-12\\">
      <div class=\\"card-layout\\"></div>
    </div>
  </div>
</div>"
`;
